2026-07-25T22:25:26Z GET /api/version -> 404 22B 607ms [HTTP 404]
2026-07-25T22:25:26Z GET /api/health -> 200 75B 361ms
2026-07-25T22:25:26Z GET /health -> 404 22B 339ms [HTTP 404]
2026-07-25T22:25:27Z GET /version -> 404 22B 339ms [HTTP 404]
2026-07-25T22:25:27Z GET / -> 404 22B 298ms [HTTP 404]
2026-07-25T22:25:27Z GET /api/suggestions?limit=100 -> 200 85B 319ms
2026-07-25T22:25:28Z GET /api/mls/scoreboard -> 200 6635B 350ms
2026-07-25T22:25:28Z GET /api/mls/schedule?days=3 -> 200 6635B 419ms
2026-07-25T22:25:33Z GET /api/mls/markets -> 200 6640B 5195ms
2026-07-25T22:25:36Z GET /api/mls/match/761680 -> 200 17564B 2815ms
2026-07-25T22:25:39Z GET /api/mls/match/761681 -> 200 17418B 2836ms
2026-07-25T22:25:42Z GET /api/mls/match/761682 -> 200 17629B 2718ms
2026-07-25T22:25:44Z GET /api/mls/match/761683 -> 200 17644B 2784ms
2026-07-25T22:25:48Z GET /api/mls/match/761684 -> 200 17556B 3031ms
2026-07-25T22:25:50Z GET /api/mls/match/761685 -> 200 22856B 2760ms
2026-07-25T22:25:53Z GET /api/mls/match/761686 -> 200 17696B 2928ms
2026-07-25T22:25:56Z GET /api/mls/match/761687 -> 200 17492B 2852ms
2026-07-25T22:25:59Z GET /api/mls/match/761688 -> 200 17674B 2895ms
2026-07-25T22:26:02Z GET /api/mls/match/761689 -> 200 17471B 2954ms
2026-07-25T22:26:05Z GET /api/mls/match/761690 -> 200 17777B 2862ms
2026-07-25T22:26:08Z GET /api/mls/match/761691 -> 200 17092B 2987ms
2026-07-25T22:26:11Z GET /api/mls/match/761692 -> 200 17612B 2865ms
2026-07-25T22:26:14Z GET /api/mls/match/761693 -> 200 17624B 2880ms
2026-07-25T22:26:15Z GET /api/mls/match/761694 -> 200 6265B 1011ms
