2026-07-25T08:10:52Z GET /api/version -> 404 22B 574ms [HTTP 404]
2026-07-25T08:10:52Z GET /api/health -> 200 75B 323ms
2026-07-25T08:10:53Z GET /health -> 404 22B 315ms [HTTP 404]
2026-07-25T08:10:53Z GET /version -> 404 22B 317ms [HTTP 404]
2026-07-25T08:10:53Z GET / -> 404 22B 312ms [HTTP 404]
2026-07-25T08:10:54Z GET /api/suggestions?limit=100 -> 200 85B 319ms
2026-07-25T08:10:54Z GET /api/mls/scoreboard -> 200 6635B 350ms
2026-07-25T08:10:54Z GET /api/mls/schedule?days=3 -> 200 6635B 443ms
2026-07-25T08:10:57Z GET /api/mls/match/761680 -> 200 17564B 2677ms
2026-07-25T08:11:00Z GET /api/mls/match/761681 -> 200 16863B 2583ms
2026-07-25T08:11:02Z GET /api/mls/match/761682 -> 200 12428B 2556ms
2026-07-25T08:11:05Z GET /api/mls/match/761683 -> 200 17183B 2739ms
2026-07-25T08:11:08Z GET /api/mls/match/761684 -> 200 16779B 2851ms
2026-07-25T08:11:11Z GET /api/mls/match/761685 -> 200 17763B 2938ms
2026-07-25T08:11:14Z GET /api/mls/match/761686 -> 200 17439B 2946ms
2026-07-25T08:11:17Z GET /api/mls/match/761687 -> 200 17496B 3068ms
2026-07-25T08:11:20Z GET /api/mls/match/761688 -> 200 17686B 2981ms
2026-07-25T08:11:23Z GET /api/mls/match/761689 -> 200 17473B 2964ms
2026-07-25T08:11:26Z GET /api/mls/match/761690 -> 200 17779B 3047ms
2026-07-25T08:11:29Z GET /api/mls/match/761691 -> 200 17092B 3073ms
2026-07-25T08:11:32Z GET /api/mls/match/761692 -> 200 17612B 3103ms
2026-07-25T08:11:35Z GET /api/mls/match/761693 -> 200 17624B 3045ms
2026-07-25T08:11:36Z GET /api/mls/match/761694 -> 200 6263B 722ms
