2026-07-25T20:49:07Z GET /api/version -> 404 22B 689ms [HTTP 404]
2026-07-25T20:49:08Z GET /api/health -> 200 75B 322ms
2026-07-25T20:49:08Z GET /health -> 404 22B 298ms [HTTP 404]
2026-07-25T20:49:08Z GET /version -> 404 22B 304ms [HTTP 404]
2026-07-25T20:49:09Z GET / -> 404 22B 307ms [HTTP 404]
2026-07-25T20:49:09Z GET /api/suggestions?limit=100 -> 200 85B 286ms
2026-07-25T20:49:09Z GET /api/mls/scoreboard -> 200 6635B 334ms
2026-07-25T20:49:10Z GET /api/mls/schedule?days=3 -> 200 6635B 378ms
2026-07-25T20:49:14Z GET /api/mls/markets -> 200 6640B 4777ms
2026-07-25T20:49:17Z GET /api/mls/match/761680 -> 200 17564B 2688ms
2026-07-25T20:49:20Z GET /api/mls/match/761681 -> 200 17418B 2812ms
2026-07-25T20:49:23Z GET /api/mls/match/761682 -> 200 17629B 2834ms
2026-07-25T20:49:26Z GET /api/mls/match/761683 -> 200 17644B 2871ms
2026-07-25T20:49:28Z GET /api/mls/match/761684 -> 200 17554B 2832ms
2026-07-25T20:49:31Z GET /api/mls/match/761685 -> 200 17775B 2806ms
2026-07-25T20:49:34Z GET /api/mls/match/761686 -> 200 17696B 2875ms
2026-07-25T20:49:37Z GET /api/mls/match/761687 -> 200 17492B 2883ms
2026-07-25T20:49:40Z GET /api/mls/match/761688 -> 200 17674B 2963ms
2026-07-25T20:49:43Z GET /api/mls/match/761689 -> 200 17471B 2754ms
2026-07-25T20:49:45Z GET /api/mls/match/761690 -> 200 17777B 2744ms
2026-07-25T20:49:48Z GET /api/mls/match/761691 -> 200 17092B 2798ms
2026-07-25T20:49:51Z GET /api/mls/match/761692 -> 200 17612B 2798ms
2026-07-25T20:49:54Z GET /api/mls/match/761693 -> 200 17624B 2883ms
2026-07-25T20:49:55Z GET /api/mls/match/761694 -> 200 6261B 1015ms
