2026-07-25T21:15:49Z GET /api/version -> 404 22B 660ms [HTTP 404]
2026-07-25T21:15:50Z GET /api/health -> 200 75B 340ms
2026-07-25T21:15:50Z GET /health -> 404 22B 335ms [HTTP 404]
2026-07-25T21:15:50Z GET /version -> 404 22B 317ms [HTTP 404]
2026-07-25T21:15:51Z GET / -> 404 22B 317ms [HTTP 404]
2026-07-25T21:15:51Z GET /api/suggestions?limit=100 -> 200 85B 312ms
2026-07-25T21:15:51Z GET /api/mls/scoreboard -> 200 6635B 350ms
2026-07-25T21:15:52Z GET /api/mls/schedule?days=3 -> 200 6635B 431ms
2026-07-25T21:15:57Z GET /api/mls/markets -> 200 6640B 4805ms
2026-07-25T21:15:59Z GET /api/mls/match/761680 -> 200 17564B 2835ms
2026-07-25T21:16:02Z GET /api/mls/match/761681 -> 200 17418B 2754ms
2026-07-25T21:16:05Z GET /api/mls/match/761682 -> 200 17629B 2706ms
2026-07-25T21:16:08Z GET /api/mls/match/761683 -> 200 17644B 2971ms
2026-07-25T21:16:11Z GET /api/mls/match/761684 -> 200 17554B 2838ms
2026-07-25T21:16:14Z GET /api/mls/match/761685 -> 200 17775B 2868ms
2026-07-25T21:16:16Z GET /api/mls/match/761686 -> 200 17696B 2865ms
2026-07-25T21:16:19Z GET /api/mls/match/761687 -> 200 17492B 2839ms
2026-07-25T21:16:23Z GET /api/mls/match/761688 -> 200 17674B 3252ms
2026-07-25T21:16:25Z GET /api/mls/match/761689 -> 200 17471B 2940ms
2026-07-25T21:16:28Z GET /api/mls/match/761690 -> 200 17777B 2956ms
2026-07-25T21:16:31Z GET /api/mls/match/761691 -> 200 17092B 3021ms
2026-07-25T21:16:35Z GET /api/mls/match/761692 -> 200 17612B 3067ms
2026-07-25T21:16:38Z GET /api/mls/match/761693 -> 200 17624B 3134ms
2026-07-25T21:16:38Z GET /api/mls/match/761694 -> 200 6261B 758ms
