2026-07-25T09:17:14Z GET /api/version -> 404 22B 318ms [HTTP 404]
2026-07-25T09:17:14Z GET /api/health -> 200 75B 303ms
2026-07-25T09:17:14Z GET /health -> 404 22B 323ms [HTTP 404]
2026-07-25T09:17:15Z GET /version -> 404 22B 328ms [HTTP 404]
2026-07-25T09:17:15Z GET / -> 404 22B 321ms [HTTP 404]
2026-07-25T09:17:15Z GET /api/suggestions?limit=100 -> 200 85B 425ms
2026-07-25T09:17:16Z GET /api/mls/scoreboard -> 200 6635B 305ms
2026-07-25T09:17:16Z GET /api/mls/schedule?days=3 -> 200 6635B 367ms
2026-07-25T09:17:19Z GET /api/mls/markets -> 200 6640B 3415ms
2026-07-25T09:17:22Z GET /api/mls/match/761680 -> 200 17564B 2749ms
2026-07-25T09:17:25Z GET /api/mls/match/761681 -> 200 17416B 2861ms
2026-07-25T09:17:28Z GET /api/mls/match/761682 -> 200 17629B 2921ms
2026-07-25T09:17:31Z GET /api/mls/match/761683 -> 200 17644B 2946ms
2026-07-25T09:17:34Z GET /api/mls/match/761684 -> 200 17554B 3197ms
2026-07-25T09:17:37Z GET /api/mls/match/761685 -> 200 17763B 2807ms
2026-07-25T09:17:40Z GET /api/mls/match/761686 -> 200 17696B 3023ms
2026-07-25T09:17:43Z GET /api/mls/match/761687 -> 200 17496B 3110ms
2026-07-25T09:17:46Z GET /api/mls/match/761688 -> 200 17686B 3093ms
2026-07-25T09:17:49Z GET /api/mls/match/761689 -> 200 17473B 2929ms
2026-07-25T09:17:52Z GET /api/mls/match/761690 -> 200 17779B 3012ms
2026-07-25T09:17:55Z GET /api/mls/match/761691 -> 200 17092B 3147ms
2026-07-25T09:17:58Z GET /api/mls/match/761692 -> 200 17612B 2988ms
2026-07-25T09:18:01Z GET /api/mls/match/761693 -> 200 17624B 3056ms
2026-07-25T09:18:02Z GET /api/mls/match/761694 -> 200 6263B 878ms
