2026-07-25T08:32:09Z GET /api/version -> 404 22B 600ms [HTTP 404]
2026-07-25T08:32:09Z GET /api/health -> 200 75B 327ms
2026-07-25T08:32:10Z GET /health -> 404 22B 324ms [HTTP 404]
2026-07-25T08:32:10Z GET /version -> 404 22B 310ms [HTTP 404]
2026-07-25T08:32:10Z GET / -> 404 22B 342ms [HTTP 404]
2026-07-25T08:32:11Z GET /api/suggestions?limit=100 -> 200 85B 326ms
2026-07-25T08:32:11Z GET /api/mls/scoreboard -> 200 6635B 338ms
2026-07-25T08:32:11Z GET /api/mls/schedule?days=3 -> 200 6635B 390ms
2026-07-25T08:32:14Z GET /api/mls/match/761680 -> 200 17564B 2946ms
2026-07-25T08:32:17Z GET /api/mls/match/761681 -> 200 17416B 2824ms
2026-07-25T08:32:20Z GET /api/mls/match/761682 -> 200 17629B 2878ms
2026-07-25T08:32:23Z GET /api/mls/match/761683 -> 200 17644B 2762ms
2026-07-25T08:32:26Z GET /api/mls/match/761684 -> 200 17554B 2757ms
2026-07-25T08:32:28Z GET /api/mls/match/761685 -> 200 17763B 2834ms
2026-07-25T08:32:31Z GET /api/mls/match/761686 -> 200 17696B 2904ms
2026-07-25T08:32:34Z GET /api/mls/match/761687 -> 200 17496B 2747ms
2026-07-25T08:32:37Z GET /api/mls/match/761688 -> 200 17686B 2904ms
2026-07-25T08:32:40Z GET /api/mls/match/761689 -> 200 17473B 2735ms
2026-07-25T08:32:43Z GET /api/mls/match/761690 -> 200 17779B 2858ms
2026-07-25T08:32:45Z GET /api/mls/match/761691 -> 200 17092B 2883ms
2026-07-25T08:32:48Z GET /api/mls/match/761692 -> 200 17612B 2785ms
2026-07-25T08:32:51Z GET /api/mls/match/761693 -> 200 17624B 2770ms
2026-07-25T08:32:52Z GET /api/mls/match/761694 -> 200 6263B 717ms
